1. 查看磁盘空间

   ```bash
   root@syserver:~# df -h
   Filesystem                         Size  Used Avail Use% Mounted on
   udev                               7.7G     0  7.7G   0% /dev
   tmpfs                              1.6G  3.4M  1.6G   1% /run
   /dev/mapper/ubuntu--vg-ubuntu--lv  137G   13G  117G  10% /
   tmpfs                              7.7G     0  7.7G   0% /dev/shm
   tmpfs                              5.0M     0  5.0M   0% /run/lock
   tmpfs                              7.7G     0  7.7G   0% /sys/fs/cgroup
   /dev/sdc2                          976M  104M  806M  12% /boot
   /dev/loop1                          72M   72M     0 100% /snap/lxd/16099
   /dev/loop2                          70M   70M     0 100% /snap/lxd/19032
   /dev/loop0                          55M   55M     0 100% /snap/core18/1880
   /dev/loop3                          30M   30M     0 100% /snap/snapd/8542
   /dev/loop4                          32M   32M     0 100% /snap/snapd/10707
   /dev/loop5                          56M   56M     0 100% /snap/core18/1944
   /dev/sda1                          7.3T  4.9T  2.5T  67% /mnt/disk1
   /dev/sdb1                          9.1T  1.6T  7.0T  19% /mnt/disk2
   tmpfs                              1.6G     0  1.6G   0% /run/user/0
   ```

   

2. 查看vg

   ```bash
   root@syserver:~# vgdisplay
     --- Volume group ---
     VG Name               ubuntu-vg
     System ID
     Format                lvm2
     Metadata Areas        1
     Metadata Sequence No  3
     VG Access             read/write
     VG Status             resizable
     MAX LV                0
     Cur LV                1
     Open LV               1
     Max PV                0
     Cur PV                1
     Act PV                1
     VG Size               <237.47 GiB
     PE Size               4.00 MiB
     Total PE              60792
     Alloc PE / Size       35516 / 138.73 GiB
     Free  PE / Size       25276 / 98.73 GiB
     VG UUID               rXAfkS-Nz53-CnDy-pH2V-Wtfw-TrKH-f0Ixvx
   ```

   

3. 扩展

   ```
   lvextend -L 120G /dev/mapper/ubuntu--vg-ubuntu--lv     //增大至120G
   lvextend -L +20G /dev/mapper/ubuntu--vg-ubuntu--lv     //增加20G
   lvreduce -L 50G /dev/mapper/ubuntu--vg-ubuntu--lv      //减小至50G
   lvreduce -L -8G /dev/mapper/ubuntu--vg-ubuntu--lv      //减小8G
   lvresize -L  30G /dev/mapper/ubuntu--vg-ubuntu--lv     //调整为30G
   ```

   

4. 调整

```
resize2fs /dev/mapper/ubuntu--vg-ubuntu--lv            //执行调整
```

